// Jest Snapshot v1, https://goo.gl/fbAQLP

exports[` 1`] = `
<div>
  <div>
    number : 
    123123135
    cvc : 
    12
    date : 
    08/24
  </div>
</div>
`;
